[2026-06-09T23:42:51.324Z] {"timestamp":1781048569852,"level":"DEBUG","args":["[Manus] Debug collector initialized (no rrweb, UI events only)"],"stack":null}
[2026-06-09T23:42:51.324Z] {"timestamp":1781048569871,"level":"INFO","args":["%cDownload the React DevTools for a better development experience: https://react.dev/link/react-devtools","font-weight:bold"],"stack":null}
[2026-06-09T23:42:53.644Z] {"timestamp":1781048571411,"level":"DEBUG","args":["[Manus] Debug collector initialized (no rrweb, UI events only)"],"stack":null}
[2026-06-09T23:42:53.644Z] {"timestamp":1781048571416,"level":"DEBUG","args":["[vite] connected."],"stack":null}
[2026-06-09T23:42:53.644Z] {"timestamp":1781048571472,"level":"INFO","args":["%cDownload the React DevTools for a better development experience: https://react.dev/link/react-devtools","font-weight:bold"],"stack":null}
[2026-06-10T00:04:14.487Z] {"timestamp":1781049852480,"level":"DEBUG","args":["[Manus] Debug collector initialized (no rrweb, UI events only)"],"stack":null}
[2026-06-10T00:04:14.487Z] {"timestamp":1781049852498,"level":"DEBUG","args":["[vite] connected."],"stack":null}
[2026-06-10T00:04:14.487Z] {"timestamp":1781049852510,"level":"INFO","args":["%cDownload the React DevTools for a better development experience: https://react.dev/link/react-devtools","font-weight:bold"],"stack":null}
[2026-06-10T00:04:21.609Z] {"timestamp":1781049859592,"level":"DEBUG","args":["[Manus] Debug collector initialized (no rrweb, UI events only)"],"stack":null}
[2026-06-10T00:04:21.609Z] {"timestamp":1781049859608,"level":"DEBUG","args":["[vite] connected."],"stack":null}
[2026-06-10T00:04:21.609Z] {"timestamp":1781049859707,"level":"INFO","args":["%cDownload the React DevTools for a better development experience: https://react.dev/link/react-devtools","font-weight:bold"],"stack":null}
[2026-06-10T00:06:25.607Z] {"timestamp":1781049985527,"level":"DEBUG","args":["[vite]","hot updated: /src/index.css"],"stack":null}
[2026-06-10T00:06:25.607Z] {"timestamp":1781049985527,"level":"DEBUG","args":["[vite]","hot updated: /src/components/ROICalculator.tsx"],"stack":null}
[2026-06-10T00:09:46.655Z] {"timestamp":1781050184225,"level":"DEBUG","args":["[Manus] Debug collector initialized (no rrweb, UI events only)"],"stack":null}
[2026-06-10T00:09:46.655Z] {"timestamp":1781050184252,"level":"DEBUG","args":["[vite] connected."],"stack":null}
[2026-06-10T00:09:46.655Z] {"timestamp":1781050184276,"level":"INFO","args":["%cDownload the React DevTools for a better development experience: https://react.dev/link/react-devtools","font-weight:bold"],"stack":null}
[2026-06-10T06:32:48.306Z] {"timestamp":1781073166290,"level":"DEBUG","args":["[Manus] Debug collector initialized (no rrweb, UI events only)"],"stack":null}
[2026-06-10T06:32:48.306Z] {"timestamp":1781073166310,"level":"DEBUG","args":["[vite] connected."],"stack":null}
[2026-06-10T06:32:48.306Z] {"timestamp":1781073166320,"level":"INFO","args":["%cDownload the React DevTools for a better development experience: https://react.dev/link/react-devtools","font-weight:bold"],"stack":null}
[2026-06-10T06:33:42.750Z] {"timestamp":1781073220739,"level":"DEBUG","args":["[Manus] Debug collector initialized (no rrweb, UI events only)"],"stack":null}
[2026-06-10T06:33:42.750Z] {"timestamp":1781073220744,"level":"DEBUG","args":["[vite] connected."],"stack":null}
[2026-06-10T06:33:42.750Z] {"timestamp":1781073220748,"level":"INFO","args":["%cDownload the React DevTools for a better development experience: https://react.dev/link/react-devtools","font-weight:bold"],"stack":null}
[2026-06-10T06:34:02.125Z] {"timestamp":1781073240119,"level":"DEBUG","args":["[Manus] Debug collector initialized (no rrweb, UI events only)"],"stack":null}
[2026-06-10T06:34:02.125Z] {"timestamp":1781073240139,"level":"DEBUG","args":["[vite] connected."],"stack":null}
[2026-06-10T06:34:02.125Z] {"timestamp":1781073240150,"level":"INFO","args":["%cDownload the React DevTools for a better development experience: https://react.dev/link/react-devtools","font-weight:bold"],"stack":null}
[2026-06-10T08:43:59.240Z] {"timestamp":1781081037225,"level":"DEBUG","args":["[Manus] Debug collector initialized (no rrweb, UI events only)"],"stack":null}
[2026-06-10T08:43:59.240Z] {"timestamp":1781081037244,"level":"DEBUG","args":["[vite] connected."],"stack":null}
[2026-06-10T08:43:59.240Z] {"timestamp":1781081037254,"level":"INFO","args":["%cDownload the React DevTools for a better development experience: https://react.dev/link/react-devtools","font-weight:bold"],"stack":null}
[2026-06-11T06:08:28.591Z] {"timestamp":1781158106512,"level":"DEBUG","args":["[Manus] Debug collector initialized (no rrweb, UI events only)"],"stack":null}
[2026-06-11T06:08:28.591Z] {"timestamp":1781158106530,"level":"DEBUG","args":["[vite] connected."],"stack":null}
[2026-06-11T06:08:28.591Z] {"timestamp":1781158106539,"level":"INFO","args":["%cDownload the React DevTools for a better development experience: https://react.dev/link/react-devtools","font-weight:bold"],"stack":null}
[2026-06-11T06:08:50.154Z] {"timestamp":1781158128149,"level":"DEBUG","args":["[Manus] Debug collector initialized (no rrweb, UI events only)"],"stack":null}
[2026-06-11T06:08:50.154Z] {"timestamp":1781158128154,"level":"DEBUG","args":["[vite] connected."],"stack":null}
[2026-06-11T06:08:50.154Z] {"timestamp":1781158128182,"level":"INFO","args":["%cDownload the React DevTools for a better development experience: https://react.dev/link/react-devtools","font-weight:bold"],"stack":null}
[2026-06-11T07:03:13.077Z] {"timestamp":1781161390974,"level":"DEBUG","args":["[Manus] Debug collector initialized (no rrweb, UI events only)"],"stack":null}
[2026-06-11T07:03:13.077Z] {"timestamp":1781161390993,"level":"DEBUG","args":["[vite] connected."],"stack":null}
[2026-06-11T07:03:13.077Z] {"timestamp":1781161391003,"level":"INFO","args":["%cDownload the React DevTools for a better development experience: https://react.dev/link/react-devtools","font-weight:bold"],"stack":null}
[2026-06-11T07:03:36.759Z] {"timestamp":1781161414743,"level":"DEBUG","args":["[Manus] Debug collector initialized (no rrweb, UI events only)"],"stack":null}
[2026-06-11T07:03:36.759Z] {"timestamp":1781161414760,"level":"DEBUG","args":["[vite] connected."],"stack":null}
[2026-06-11T07:03:36.759Z] {"timestamp":1781161414773,"level":"INFO","args":["%cDownload the React DevTools for a better development experience: https://react.dev/link/react-devtools","font-weight:bold"],"stack":null}
[2026-06-11T07:03:59.178Z] {"timestamp":1781161437164,"level":"DEBUG","args":["[Manus] Debug collector initialized (no rrweb, UI events only)"],"stack":null}
[2026-06-11T07:03:59.178Z] {"timestamp":1781161437180,"level":"DEBUG","args":["[vite] connected."],"stack":null}
[2026-06-11T07:03:59.178Z] {"timestamp":1781161437190,"level":"INFO","args":["%cDownload the React DevTools for a better development experience: https://react.dev/link/react-devtools","font-weight:bold"],"stack":null}
[2026-06-11T19:15:09.012Z] {"timestamp":1781205307000,"level":"DEBUG","args":["[Manus] Debug collector initialized (no rrweb, UI events only)"],"stack":null}
[2026-06-11T19:15:09.012Z] {"timestamp":1781205307024,"level":"DEBUG","args":["[vite] connected."],"stack":null}
[2026-06-11T19:15:09.012Z] {"timestamp":1781205307042,"level":"INFO","args":["%cDownload the React DevTools for a better development experience: https://react.dev/link/react-devtools","font-weight:bold"],"stack":null}
[2026-06-11T19:15:18.636Z] {"timestamp":1781205316621,"level":"DEBUG","args":["[Manus] Debug collector initialized (no rrweb, UI events only)"],"stack":null}
[2026-06-11T19:15:18.636Z] {"timestamp":1781205316639,"level":"DEBUG","args":["[vite] connected."],"stack":null}
[2026-06-11T19:15:18.636Z] {"timestamp":1781205316651,"level":"INFO","args":["%cDownload the React DevTools for a better development experience: https://react.dev/link/react-devtools","font-weight:bold"],"stack":null}
[2026-06-11T19:15:40.965Z] {"timestamp":1781205338952,"level":"DEBUG","args":["[Manus] Debug collector initialized (no rrweb, UI events only)"],"stack":null}
[2026-06-11T19:15:40.965Z] {"timestamp":1781205338956,"level":"DEBUG","args":["[vite] connected."],"stack":null}
[2026-06-11T19:15:40.965Z] {"timestamp":1781205338983,"level":"INFO","args":["%cDownload the React DevTools for a better development experience: https://react.dev/link/react-devtools","font-weight:bold"],"stack":null}
[2026-06-11T19:16:00.194Z] {"timestamp":1781205358184,"level":"DEBUG","args":["[Manus] Debug collector initialized (no rrweb, UI events only)"],"stack":null}
[2026-06-11T19:16:00.195Z] {"timestamp":1781205358204,"level":"DEBUG","args":["[vite] connected."],"stack":null}
[2026-06-11T19:16:00.195Z] {"timestamp":1781205358216,"level":"INFO","args":["%cDownload the React DevTools for a better development experience: https://react.dev/link/react-devtools","font-weight:bold"],"stack":null}
